
         /\      Grafana   /‾‾/  
    /\  /  \     |\  __   /  /   
   /  \/    \    | |/ /  /   ‾‾\ 
  /          \   |   (  |  (‾)  |
 / __________ \  |_|\_\  \_____/ 


     execution: local
        script: load-test/scenarios/websocket-concurrency.js
        output: -

     scenarios: (100.00%) 1 scenario, 35 max VUs, 2m0s max duration (incl. graceful stop):
              * default: Up to 35 looping VUs for 1m30s over 3 stages (gracefulRampDown: 30s, gracefulStop: 30s)


running (0m01.0s), 03/35 VUs, 0 complete and 0 interrupted iterations
default   [   1% ] 03/35 VUs  0m01.0s/1m30.0s

running (0m02.0s), 05/35 VUs, 0 complete and 0 interrupted iterations
default   [   2% ] 05/35 VUs  0m02.0s/1m30.0s

running (0m03.0s), 07/35 VUs, 0 complete and 0 interrupted iterations
default   [   3% ] 07/35 VUs  0m03.0s/1m30.0s

running (0m04.0s), 10/35 VUs, 0 complete and 0 interrupted iterations
default   [   4% ] 10/35 VUs  0m04.0s/1m30.0s

running (0m05.0s), 12/35 VUs, 0 complete and 0 interrupted iterations
default   [   6% ] 12/35 VUs  0m05.0s/1m30.0s

running (0m06.0s), 14/35 VUs, 0 complete and 0 interrupted iterations
default   [   7% ] 14/35 VUs  0m06.0s/1m30.0s

running (0m07.0s), 16/35 VUs, 0 complete and 0 interrupted iterations
default   [   8% ] 16/35 VUs  0m07.0s/1m30.0s

running (0m08.0s), 19/35 VUs, 0 complete and 0 interrupted iterations
default   [   9% ] 19/35 VUs  0m08.0s/1m30.0s

running (0m09.0s), 21/35 VUs, 0 complete and 0 interrupted iterations
default   [  10% ] 21/35 VUs  0m09.0s/1m30.0s

running (0m10.0s), 23/35 VUs, 0 complete and 0 interrupted iterations
default   [  11% ] 23/35 VUs  0m10.0s/1m30.0s

running (0m11.0s), 25/35 VUs, 0 complete and 0 interrupted iterations
default   [  12% ] 25/35 VUs  0m11.0s/1m30.0s

running (0m12.0s), 28/35 VUs, 0 complete and 0 interrupted iterations
default   [  13% ] 28/35 VUs  0m12.0s/1m30.0s

running (0m13.0s), 30/35 VUs, 0 complete and 0 interrupted iterations
default   [  14% ] 30/35 VUs  0m13.0s/1m30.0s

running (0m14.0s), 32/35 VUs, 0 complete and 0 interrupted iterations
default   [  16% ] 32/35 VUs  0m14.0s/1m30.0s

running (0m15.0s), 34/35 VUs, 0 complete and 0 interrupted iterations
default   [  17% ] 34/35 VUs  0m15.0s/1m30.0s

running (0m16.0s), 35/35 VUs, 0 complete and 0 interrupted iterations
default   [  18% ] 35/35 VUs  0m16.0s/1m30.0s

running (0m17.0s), 35/35 VUs, 0 complete and 0 interrupted iterations
default   [  19% ] 35/35 VUs  0m17.0s/1m30.0s

running (0m18.0s), 35/35 VUs, 0 complete and 0 interrupted iterations
default   [  20% ] 35/35 VUs  0m18.0s/1m30.0s

running (0m19.0s), 35/35 VUs, 0 complete and 0 interrupted iterations
default   [  21% ] 35/35 VUs  0m19.0s/1m30.0s

running (0m20.0s), 35/35 VUs, 0 complete and 0 interrupted iterations
default   [  22% ] 35/35 VUs  0m20.0s/1m30.0s

running (0m21.0s), 35/35 VUs, 0 complete and 0 interrupted iterations
default   [  23% ] 35/35 VUs  0m21.0s/1m30.0s

running (0m22.0s), 35/35 VUs, 0 complete and 0 interrupted iterations
default   [  24% ] 35/35 VUs  0m22.0s/1m30.0s

running (0m23.0s), 35/35 VUs, 0 complete and 0 interrupted iterations
default   [  26% ] 35/35 VUs  0m23.0s/1m30.0s

running (0m24.0s), 35/35 VUs, 0 complete and 0 interrupted iterations
default   [  27% ] 35/35 VUs  0m24.0s/1m30.0s

running (0m25.0s), 35/35 VUs, 0 complete and 0 interrupted iterations
default   [  28% ] 35/35 VUs  0m25.0s/1m30.0s

running (0m26.0s), 35/35 VUs, 0 complete and 0 interrupted iterations
default   [  29% ] 35/35 VUs  0m26.0s/1m30.0s

running (0m27.0s), 35/35 VUs, 0 complete and 0 interrupted iterations
default   [  30% ] 35/35 VUs  0m27.0s/1m30.0s

running (0m28.0s), 35/35 VUs, 0 complete and 0 interrupted iterations
default   [  31% ] 35/35 VUs  0m28.0s/1m30.0s

running (0m29.0s), 35/35 VUs, 0 complete and 0 interrupted iterations
default   [  32% ] 35/35 VUs  0m29.0s/1m30.0s

running (0m30.0s), 35/35 VUs, 0 complete and 0 interrupted iterations
default   [  33% ] 35/35 VUs  0m30.0s/1m30.0s

running (0m31.0s), 35/35 VUs, 0 complete and 0 interrupted iterations
default   [  34% ] 35/35 VUs  0m31.0s/1m30.0s

running (0m32.0s), 35/35 VUs, 0 complete and 0 interrupted iterations
default   [  36% ] 35/35 VUs  0m32.0s/1m30.0s

running (0m33.0s), 35/35 VUs, 0 complete and 0 interrupted iterations
default   [  37% ] 35/35 VUs  0m33.0s/1m30.0s

running (0m34.0s), 35/35 VUs, 0 complete and 0 interrupted iterations
default   [  38% ] 35/35 VUs  0m34.0s/1m30.0s

running (0m35.0s), 35/35 VUs, 0 complete and 0 interrupted iterations
default   [  39% ] 35/35 VUs  0m35.0s/1m30.0s

running (0m36.0s), 35/35 VUs, 0 complete and 0 interrupted iterations
default   [  40% ] 35/35 VUs  0m36.0s/1m30.0s

running (0m37.0s), 35/35 VUs, 0 complete and 0 interrupted iterations
default   [  41% ] 35/35 VUs  0m37.0s/1m30.0s

running (0m38.0s), 35/35 VUs, 0 complete and 0 interrupted iterations
default   [  42% ] 35/35 VUs  0m38.0s/1m30.0s

running (0m39.0s), 35/35 VUs, 0 complete and 0 interrupted iterations
default   [  43% ] 35/35 VUs  0m39.0s/1m30.0s

running (0m40.0s), 35/35 VUs, 0 complete and 0 interrupted iterations
default   [  44% ] 35/35 VUs  0m40.0s/1m30.0s

running (0m41.0s), 35/35 VUs, 0 complete and 0 interrupted iterations
default   [  46% ] 35/35 VUs  0m41.0s/1m30.0s

running (0m42.0s), 35/35 VUs, 0 complete and 0 interrupted iterations
default   [  47% ] 35/35 VUs  0m42.0s/1m30.0s

running (0m43.0s), 35/35 VUs, 0 complete and 0 interrupted iterations
default   [  48% ] 35/35 VUs  0m43.0s/1m30.0s

running (0m44.0s), 35/35 VUs, 0 complete and 0 interrupted iterations
default   [  49% ] 35/35 VUs  0m44.0s/1m30.0s

running (0m45.0s), 35/35 VUs, 0 complete and 0 interrupted iterations
default   [  50% ] 35/35 VUs  0m45.0s/1m30.0s

running (0m46.0s), 35/35 VUs, 0 complete and 0 interrupted iterations
default   [  51% ] 35/35 VUs  0m46.0s/1m30.0s

running (0m47.0s), 35/35 VUs, 0 complete and 0 interrupted iterations
default   [  52% ] 35/35 VUs  0m47.0s/1m30.0s

running (0m48.0s), 35/35 VUs, 0 complete and 0 interrupted iterations
default   [  53% ] 35/35 VUs  0m48.0s/1m30.0s

running (0m49.0s), 35/35 VUs, 0 complete and 0 interrupted iterations
default   [  54% ] 35/35 VUs  0m49.0s/1m30.0s

running (0m50.0s), 35/35 VUs, 0 complete and 0 interrupted iterations
default   [  56% ] 35/35 VUs  0m50.0s/1m30.0s

running (0m51.0s), 35/35 VUs, 0 complete and 0 interrupted iterations
default   [  57% ] 35/35 VUs  0m51.0s/1m30.0s

running (0m52.0s), 35/35 VUs, 0 complete and 0 interrupted iterations
default   [  58% ] 35/35 VUs  0m52.0s/1m30.0s

running (0m53.0s), 35/35 VUs, 0 complete and 0 interrupted iterations
default   [  59% ] 35/35 VUs  0m53.0s/1m30.0s

running (0m54.0s), 35/35 VUs, 0 complete and 0 interrupted iterations
default   [  60% ] 35/35 VUs  0m54.0s/1m30.0s

running (0m55.0s), 35/35 VUs, 0 complete and 0 interrupted iterations
default   [  61% ] 35/35 VUs  0m55.0s/1m30.0s

running (0m56.0s), 35/35 VUs, 0 complete and 0 interrupted iterations
default   [  62% ] 35/35 VUs  0m56.0s/1m30.0s

running (0m57.0s), 35/35 VUs, 0 complete and 0 interrupted iterations
default   [  63% ] 35/35 VUs  0m57.0s/1m30.0s

running (0m58.0s), 35/35 VUs, 0 complete and 0 interrupted iterations
default   [  64% ] 35/35 VUs  0m58.0s/1m30.0s

running (0m59.0s), 35/35 VUs, 0 complete and 0 interrupted iterations
default   [  66% ] 35/35 VUs  0m59.0s/1m30.0s

running (1m00.0s), 35/35 VUs, 0 complete and 0 interrupted iterations
default   [  67% ] 35/35 VUs  1m00.0s/1m30.0s

running (1m01.0s), 35/35 VUs, 2 complete and 0 interrupted iterations
default   [  68% ] 35/35 VUs  1m01.0s/1m30.0s

running (1m02.0s), 35/35 VUs, 5 complete and 0 interrupted iterations
default   [  69% ] 35/35 VUs  1m02.0s/1m30.0s

running (1m03.0s), 35/35 VUs, 7 complete and 0 interrupted iterations
default   [  70% ] 35/35 VUs  1m03.0s/1m30.0s

running (1m04.0s), 35/35 VUs, 9 complete and 0 interrupted iterations
default   [  71% ] 35/35 VUs  1m04.0s/1m30.0s

running (1m05.0s), 35/35 VUs, 11 complete and 0 interrupted iterations
default   [  72% ] 35/35 VUs  1m05.0s/1m30.0s

running (1m06.0s), 35/35 VUs, 14 complete and 0 interrupted iterations
default   [  73% ] 35/35 VUs  1m06.0s/1m30.0s

running (1m07.0s), 35/35 VUs, 16 complete and 0 interrupted iterations
default   [  74% ] 35/35 VUs  1m07.0s/1m30.0s

running (1m08.0s), 35/35 VUs, 18 complete and 0 interrupted iterations
default   [  76% ] 35/35 VUs  1m08.0s/1m30.0s

running (1m09.0s), 35/35 VUs, 21 complete and 0 interrupted iterations
default   [  77% ] 35/35 VUs  1m09.0s/1m30.0s

running (1m10.0s), 35/35 VUs, 23 complete and 0 interrupted iterations
default   [  78% ] 35/35 VUs  1m10.0s/1m30.0s

running (1m11.0s), 35/35 VUs, 25 complete and 0 interrupted iterations
default   [  79% ] 35/35 VUs  1m11.0s/1m30.0s

running (1m12.0s), 35/35 VUs, 27 complete and 0 interrupted iterations
default   [  80% ] 35/35 VUs  1m12.0s/1m30.0s

running (1m13.0s), 35/35 VUs, 30 complete and 0 interrupted iterations
default   [  81% ] 35/35 VUs  1m13.0s/1m30.0s

running (1m14.0s), 35/35 VUs, 32 complete and 0 interrupted iterations
default   [  82% ] 35/35 VUs  1m14.0s/1m30.0s

running (1m15.0s), 35/35 VUs, 34 complete and 0 interrupted iterations
default   [  83% ] 35/35 VUs  1m15.0s/1m30.0s

running (1m16.0s), 35/35 VUs, 35 complete and 0 interrupted iterations
default   [  84% ] 35/35 VUs  1m16.0s/1m30.0s

running (1m17.0s), 35/35 VUs, 35 complete and 0 interrupted iterations
default   [  86% ] 35/35 VUs  1m17.0s/1m30.0s

running (1m18.0s), 35/35 VUs, 35 complete and 0 interrupted iterations
default   [  87% ] 35/35 VUs  1m18.0s/1m30.0s

running (1m19.0s), 35/35 VUs, 35 complete and 0 interrupted iterations
default   [  88% ] 35/35 VUs  1m19.0s/1m30.0s

running (1m20.0s), 35/35 VUs, 35 complete and 0 interrupted iterations
default   [  89% ] 35/35 VUs  1m20.0s/1m30.0s

running (1m21.0s), 35/35 VUs, 35 complete and 0 interrupted iterations
default   [  90% ] 35/35 VUs  1m21.0s/1m30.0s

running (1m22.0s), 35/35 VUs, 35 complete and 0 interrupted iterations
default   [  91% ] 35/35 VUs  1m22.0s/1m30.0s

running (1m23.0s), 35/35 VUs, 35 complete and 0 interrupted iterations
default   [  92% ] 35/35 VUs  1m23.0s/1m30.0s

running (1m24.0s), 35/35 VUs, 35 complete and 0 interrupted iterations
default   [  93% ] 35/35 VUs  1m24.0s/1m30.0s

running (1m25.0s), 35/35 VUs, 35 complete and 0 interrupted iterations
default   [  94% ] 35/35 VUs  1m25.0s/1m30.0s

running (1m26.0s), 35/35 VUs, 35 complete and 0 interrupted iterations
default   [  96% ] 35/35 VUs  1m26.0s/1m30.0s

running (1m27.0s), 35/35 VUs, 35 complete and 0 interrupted iterations
default   [  97% ] 35/35 VUs  1m27.0s/1m30.0s

running (1m28.0s), 35/35 VUs, 35 complete and 0 interrupted iterations
default   [  98% ] 35/35 VUs  1m28.0s/1m30.0s

running (1m29.0s), 35/35 VUs, 35 complete and 0 interrupted iterations
default   [  99% ] 35/35 VUs  1m29.0s/1m30.0s

running (1m30.0s), 35/35 VUs, 35 complete and 0 interrupted iterations
default   [ 100% ] 35/35 VUs  1m30.0s/1m30.0s

running (1m31.0s), 35/35 VUs, 35 complete and 0 interrupted iterations
default ↓ [ 100% ] 35/35 VUs  1m30s

running (1m32.0s), 35/35 VUs, 35 complete and 0 interrupted iterations
default ↓ [ 100% ] 35/35 VUs  1m30s

running (1m33.0s), 35/35 VUs, 35 complete and 0 interrupted iterations
default ↓ [ 100% ] 35/35 VUs  1m30s

running (1m34.0s), 35/35 VUs, 35 complete and 0 interrupted iterations
default ↓ [ 100% ] 35/35 VUs  1m30s

running (1m35.0s), 35/35 VUs, 35 complete and 0 interrupted iterations
default ↓ [ 100% ] 35/35 VUs  1m30s

running (1m36.0s), 35/35 VUs, 35 complete and 0 interrupted iterations
default ↓ [ 100% ] 35/35 VUs  1m30s

running (1m37.0s), 35/35 VUs, 35 complete and 0 interrupted iterations
default ↓ [ 100% ] 35/35 VUs  1m30s

running (1m38.0s), 35/35 VUs, 35 complete and 0 interrupted iterations
default ↓ [ 100% ] 35/35 VUs  1m30s

running (1m39.0s), 35/35 VUs, 35 complete and 0 interrupted iterations
default ↓ [ 100% ] 35/35 VUs  1m30s

running (1m40.0s), 35/35 VUs, 35 complete and 0 interrupted iterations
default ↓ [ 100% ] 35/35 VUs  1m30s

running (1m41.0s), 35/35 VUs, 35 complete and 0 interrupted iterations
default ↓ [ 100% ] 35/35 VUs  1m30s

running (1m42.0s), 35/35 VUs, 35 complete and 0 interrupted iterations
default ↓ [ 100% ] 35/35 VUs  1m30s

running (1m43.0s), 35/35 VUs, 35 complete and 0 interrupted iterations
default ↓ [ 100% ] 35/35 VUs  1m30s

running (1m44.0s), 35/35 VUs, 35 complete and 0 interrupted iterations
default ↓ [ 100% ] 35/35 VUs  1m30s

running (1m45.0s), 35/35 VUs, 35 complete and 0 interrupted iterations
default ↓ [ 100% ] 35/35 VUs  1m30s

running (1m46.0s), 33/35 VUs, 35 complete and 2 interrupted iterations
default ↓ [ 100% ] 35/35 VUs  1m30s

running (1m47.0s), 31/35 VUs, 35 complete and 4 interrupted iterations
default ↓ [ 100% ] 35/35 VUs  1m30s

running (1m48.0s), 29/35 VUs, 35 complete and 6 interrupted iterations
default ↓ [ 100% ] 35/35 VUs  1m30s

running (1m49.0s), 26/35 VUs, 35 complete and 9 interrupted iterations
default ↓ [ 100% ] 35/35 VUs  1m30s

running (1m50.0s), 24/35 VUs, 35 complete and 11 interrupted iterations
default ↓ [ 100% ] 35/35 VUs  1m30s

running (1m51.0s), 22/35 VUs, 35 complete and 13 interrupted iterations
default ↓ [ 100% ] 35/35 VUs  1m30s

running (1m52.0s), 19/35 VUs, 35 complete and 16 interrupted iterations
default ↓ [ 100% ] 35/35 VUs  1m30s

running (1m53.0s), 17/35 VUs, 35 complete and 18 interrupted iterations
default ↓ [ 100% ] 35/35 VUs  1m30s

running (1m54.0s), 15/35 VUs, 35 complete and 20 interrupted iterations
default ↓ [ 100% ] 35/35 VUs  1m30s

running (1m55.0s), 12/35 VUs, 35 complete and 23 interrupted iterations
default ↓ [ 100% ] 35/35 VUs  1m30s

running (1m56.0s), 10/35 VUs, 35 complete and 25 interrupted iterations
default ↓ [ 100% ] 35/35 VUs  1m30s

running (1m57.0s), 08/35 VUs, 35 complete and 27 interrupted iterations
default ↓ [ 100% ] 35/35 VUs  1m30s

running (1m58.0s), 05/35 VUs, 35 complete and 30 interrupted iterations
default ↓ [ 100% ] 35/35 VUs  1m30s

running (1m59.0s), 03/35 VUs, 35 complete and 32 interrupted iterations
default ↓ [ 100% ] 35/35 VUs  1m30s

running (2m00.0s), 01/35 VUs, 35 complete and 34 interrupted iterations
default ↓ [ 100% ] 35/35 VUs  1m30s


  █ THRESHOLDS 

    checks
    ✓ 'rate>0.99' rate=100.00%

    stomp_connection_failures
    ✓ 'count==0' count=0

    ws_handshake_failures
    ✓ 'count==0' count=0

    ws_message_failures
    ✓ 'count==0' count=0

    ws_message_latency
    ✓ 'p(95)<300' p(95)=0s


  █ TOTAL RESULTS 

    checks_total.......: 35      0.291663/s
    checks_succeeded...: 100.00% 35 out of 35
    checks_failed......: 0.00%   0 out of 35

    ✓ WebSocket handshake status is 101

    CUSTOM
    stomp_connection_failures...: 0      0/s

    EXECUTION
    iteration_duration..........: avg=1m0s    min=1m0s   med=1m0s    max=1m0s    p(90)=1m0s    p(95)=1m0s   
    iterations..................: 35     0.291663/s
    vus.........................: 1      min=1       max=35
    vus_max.....................: 35     min=35      max=35

    NETWORK
    data_received...............: 36 kB  297 B/s
    data_sent...................: 1.1 MB 9.2 kB/s

    WEBSOCKET
    ws_connecting...............: avg=11.19ms min=7.31ms med=10.26ms max=31.05ms p(90)=14.33ms p(95)=15.76ms
    ws_connection_duration......: avg=1m0s    min=1m0s   med=1m0s    max=1m0s    p(90)=1m0s    p(95)=1m0s   
    ws_handshake_failures.......: 0      0/s
    ws_message_failures.........: 0      0/s
    ws_message_latency..........: avg=0s      min=0s     med=0s      max=0s      p(90)=0s      p(95)=0s     
    ws_msgs_received............: 105    0.874989/s
    ws_msgs_sent................: 7599   63.324192/s
    ws_session_duration.........: avg=1m0s    min=1m0s   med=1m0s    max=1m0s    p(90)=1m0s    p(95)=1m0s   
    ws_sessions.................: 70     0.583326/s




running (2m00.0s), 00/35 VUs, 35 complete and 35 interrupted iterations
default ✓ [ 100% ] 01/35 VUs  1m30s
